// Jest Snapshot v1, https://goo.gl/fbAQLP

exports[`Storyshots Post post 1`] = `
<div>
  <ul>
    <li>
      <a
        href="/posts"
        onClick={[Function]}
      >
        Posts
      </a>
    </li>
  </ul>
</div>
`;
